// Jest Snapshot v1, https://goo.gl/fbAQLP

exports[`/v2/auth email signup successful signup with valid data 1`] = `
Object {
  "accessToken": Any<String>,
  "user": Object {
    "__v": 0,
    "_id": Any<String>,
    "active": false,
    "banned": false,
    "createdAt": Any<String>,
    "email": "james@gmail.com",
    "oauthProviders": Array [],
    "roles": Array [
      "base",
    ],
    "updatedAt": Any<String>,
    "userId": Any<String>,
    "verified": false,
  },
}
`;

exports[`/v2/auth email signup user already exists if user already then given an user exists error 1`] = `
Object {
  "error": "Bad Request",
  "message": "User already exists",
  "statusCode": 400,
}
`;
